this is a trial to test the first lesson

C:\Users\syoga\OneDrive\Desktop\Git-Folder>git init
Initialized empty Git repository in C:/Users/syoga/OneDrive/Desktop/Git-Folder/.git/

C:\Users\syoga\OneDrive\Desktop\Git-Folder>git status
On branch master

No commits yet

Untracked files:
  (use "git add <file>..." to include in what will be committed)
        file1.txt

nothing added to commit but untracked files present (use "git add" to track)

C:\Users\syoga\OneDrive\Desktop\Git-Folder>git add file.txt
fatal: pathspec 'file.txt' did not match any files

C:\Users\syoga\OneDrive\Desktop\Git-Folder>git add file1.txt

C:\Users\syoga\OneDrive\Desktop\Git-Folder>git commit -m "1st commit"
[master (root-commit) b1fb188] 1st commit
 1 file changed, 1 insertion(+)
 create mode 100644 file1.txt

C:\Users\syoga\OneDrive\Desktop\Git-Folder>git branch -M main

C:\Users\syoga\OneDrive\Desktop\Git-Folder>git remote add origin https://github.com/YogaChandraShri/trial.git

C:\Users\syoga\OneDrive\Desktop\Git-Folder>git push -u origin main
Enumerating objects: 3, done.
Counting objects: 100% (3/3), done.
Writing objects: 100% (3/3), 257 bytes | 257.00 KiB/s, done.
Total 3 (delta 0), reused 0 (delta 0), pack-reused 0 (from 0)
To https://github.com/YogaChandraShri/trial.git
 * [new branch]      main -> main
branch 'main' set up to track 'origin/main'.

C:\Users\syoga\OneDrive\Desktop\Git-Folder>
